user_eq.adb:27:19: info: assertion proved (CVC4: 1 VC)
user_eq.adb:28:19: high: assertion might fail (e.g. when W = (F => (A => 1, B => 1)) and Z = (F => (A => 1, B => 1))) [the code does not conform to the check, or some loop invariant or post condition is too weak]
