private_types.ads:7:33: info: range check proved (CVC4: 1 VC)
private_types.ads:8:15: info: range check proved (CVC4: 2 VC)
private_types.ads:10:56: high: range check might fail, cannot prove lower bound for 0 [the code does not conform to the check, or some loop invariant or post condition is too weak] [reason for check: default value must fit in the type]
private_types.ads:10:56: info: range check proved (CVC4: 2 VC)
