p.adb:1:11: warning: subprogram "P" has no effect
p.adb:15:12: high: range check might fail, cannot prove lower bound for X [the code does not conform to the check, or some loop invariant or post condition is too weak] [reason for check: value must fit in the target type of the assignment] [possible fix: add precondition (X in S1) to subprogram at line 1]
p.adb:16:15: high: range check might fail, cannot prove lower bound for Y (e.g. when Y = 0) [the code does not conform to the check, or some loop invariant or post condition is too weak] [reason for check: value must be convertible to the target type of the conversion] [possible fix: add precondition (Y in S2) to subprogram at line 1]
p.adb:22:35: info: unrolling loop
