use_bad_ty.ads:4:20: high: assertion might fail [the code does not conform to the check, or some loop invariant or post condition is too weak]
