SOUNDNESS BUG at s-inline.adb:5: mark @OVERFLOW_CHECK:FAIL not found
s-inline.adb:3:14: info: add a contract to analyze it separately from calling contexts
s-inline.adb:3:14: info: local subprogram "Lemma" only analyzed in the context of calls
s-inline.adb:3:14: warning: subprogram "Lemma" has no effect
s-inline.adb:5:22: info: assertion proved (Trivial), in call inlined at s-inline.adb:9
