decl1.adb:2:04: info: data dependencies proved
decl1.adb:7:07: info: data dependencies proved
decl1.adb:10:07: info: alignment of overlaid objects is compatible (Trivial)
decl1.adb:10:07: info: object is suitable for aliasing via address clause (Trivial)
decl1.adb:11:21: info: object is suitable for aliasing via address clause (Trivial)
decl1.adb:11:21: info: types of aliased objects have the same size (Trivial)
decl1.adb:13:22: high: assertion might fail (e.g. when A = -1) [the code does not conform to the check, or some loop invariant or post condition is too weak]
decl1.adb:17:04: info: precondition proved (Trivial: 1 VC)
decl2.adb:2:04: info: data dependencies proved
decl2.adb:6:50: info: range check proved (CVC4: 2 VC)
decl2.adb:10:07: info: data dependencies proved
decl2.adb:13:07: info: alignment of overlaid objects is compatible (Trivial)
decl2.adb:13:07: info: object is suitable for aliasing via address clause (Trivial)
decl2.adb:14:21: info: object is suitable for aliasing via address clause (Trivial)
decl2.adb:14:21: info: types of aliased objects have the same size (Trivial)
decl2.adb:16:22: high: assertion might fail (e.g. when A = -1) [the code does not conform to the check, or some loop invariant or post condition is too weak]
decl2.adb:20:04: info: precondition proved (Trivial: 1 VC)
