subtype_check.ads:6:12: info: range check proved (CVC4: 2 VC)
subtype_check.ads:14:24: high: range check might fail, cannot prove lower bound for -1 [the code does not conform to the check, or some loop invariant or post condition is too weak]
