main.adb:2:28: info: precondition of main program proved (CVC4: 1 VC)
main.adb:7:07: high: precondition might fail (e.g. when X = 123) [the code does not conform to the check, or some loop invariant or post condition is too weak]
pkg.ads:1:18: info: initial condition proved (CVC4: 1 VC)
