calls.adb:18:17: high: pointer dereference check might fail [the code does not conform to the check, or some loop invariant or post condition is too weak] [possible fix: subprogram at calls.ads:19 should mention PC1 in a precondition]
calls.ads:6:17: warning: subprogram "C1" has no effect
calls.ads:14:17: warning: subprogram "C4" has no effect
