p.adb:8:21: high: range check might fail, cannot prove lower bound for Integer'Pos (e.g. when A = -129) [the code does not conform to the check, or some loop invariant or post condition is too weak] [possible fix: add precondition (Integer'Pos in -128 .. 127) to subprogram at p.ads:3]
