p.adb:15:07: info: precondition proved (Trivial: 1 VC)
p.adb:15:07: warning: "Y" is set by "Proc" but not used after the call
p.adb:15:07: warning: statement has no effect
p.ads:3:14: high: the task might terminate, which is not allowed in SPARK [the code does not conform to the check, or some loop invariant or post condition is too weak]
