p.adb:4:22: info: unrolling loop
p.ads:10:37: high: postcondition might fail, cannot prove False (e.g. when C = Red)
p.ads:15:20: high: postcondition might fail (e.g. when P'Result = 2) [the code does not conform to the check, or some loop invariant or post condition is too weak]
p.ads:20:20: info: postcondition proved (CVC4: 1 VC)
