no_return.adb:14:07: medium: exception might be raised
no_return.adb:20:10: high: call to nonreturning subprogram might be executed [the code does not conform to the check, or some loop invariant or post condition is too weak]
no_return.ads:6:14: warning: subprogram "P" has no effect
