c86004c01.adb:3:11: warning: subprogram "C86004C01" has no effect
c86004c01.adb:6:25: high: range check might fail, cannot prove lower bound for STANDARD.C86004C0(10) [the code does not conform to the check, or some loop invariant or post condition is too weak] [reason for check: default component value must fit in the type] [possible fix: you should consider adding a postcondition to function C86004C0 or turning it into an expression function in its unit spec]
c86004c01.adb:7:25: high: range check might fail, cannot prove lower bound for STANDARD.C86004C0(INTGR) [the code does not conform to the check, or some loop invariant or post condition is too weak] [reason for check: default component value must fit in the type] [possible fix: add precondition (STANDARD.C86004C0(INTGR) in INT) to subprogram at line 3]
c86004c01.adb:9:16: warning: subprogram "C86004C1" has no effect
