check_component_default_value.ads:7:33: info: range check proved (CVC4: 1 VC)
check_component_default_value.ads:8:15: info: range check proved (CVC4: 2 VC)
check_component_default_value.ads:10:36: medium: range check might fail, cannot prove lower bound for 0 [reason for check: default component value must fit in the component type]
check_default_value.ads:8:33: info: range check proved (CVC4: 1 VC)
check_default_value.ads:9:15: info: range check proved (CVC4: 2 VC)
check_default_value.ads:11:55: high: range check might fail, cannot prove lower bound for 0 [the code does not conform to the check, or some loop invariant or post condition is too weak] [reason for check: default value must fit in the type]
check_default_value.ads:11:55: info: range check proved (CVC4: 2 VC)
