mod_subtypes.ads:7:52: info: division check proved (CVC4: 1 VC)
mod_subtypes.ads:17:31: info: predicate check proved (CVC4: 1 VC)
mod_subtypes.ads:18:38: info: predicate check proved (CVC4: 1 VC)
mod_subtypes.ads:19:29: medium: predicate check might fail
mod_types.ads:21:19: high: assertion might fail (e.g. when A = 2 and B = My_Mod'Last and C = 0) [the code does not conform to the check, or some loop invariant or post condition is too weak]
