test_type.ads:1:36: info: flow dependencies proved
test_type.ads:5:09: info: invariant check proved on default value (CVC4: 1 VC)
test_type.ads:10:04: high: invariant check might fail (e.g. when X = (F => -1)) [the code does not conform to the check, or some loop invariant or post condition is too weak]
