b.adb:4:31: medium: "A" might not be initialized after elaboration of main program "Main"
b.adb:7:19: info: assertion proved (CVC4: 1 VC)
b.adb:7:26: medium: "A" might not be initialized after elaboration of main program "Main"
b.adb:4:31: medium: "A" might not be initialized after elaboration of main program "Main"
b.adb:6:05: medium: "A" might not be initialized after elaboration of main program "Main"
b.adb:7:19: high: assertion might fail (e.g. when A = 0 and Tmp = -1) [the code does not conform to the check, or some loop invariant or post condition is too weak] [possible fix: call at line 6 should mention A in a postcondition]
