rchk.adb:17:28: medium: assertion might fail
rchk.adb:18:19: info: range check proved (CVC4: 2 VC)
rchk.ads:9:15: warning: subprogram "Test" has no effect
