init_in_loop.adb:8:18: info: range check proved (CVC4: 4 VC)
init_in_loop.adb:11:25: high: assertion might fail (e.g. when Fst = 51 and Lst = 50) [the code does not conform to the check, or some loop invariant or post condition is too weak]
init_in_loop.adb:13:30: info: loop invariant initialization proved (CVC4: 1 VC)
init_in_loop.adb:13:30: info: loop invariant preservation proved (CVC4: 1 VC)
init_in_loop.adb:14:14: info: overflow check proved (CVC4: 2 VC)
