proc.adb:1:17: warning: unused initial value of "X"
proc.adb:4:09: high: "Tmp" is not initialized
proc.adb:4:13: high: overflow check might fail, cannot prove upper bound for Tmp + 1 (e.g. when Tmp = Integer'Last) [some loop invariant or post condition is too weak] [reason for check: result of addition must fit in a 32-bits machine integer]
proc.adb:1:17: warning: unused initial value of "X"
proc.adb:4:09: high: "Tmp" is not initialized
proc.adb:4:13: high: overflow check might fail, cannot prove upper bound for Tmp + 1 (e.g. when Tmp = Integer'Last) [some loop invariant or post condition is too weak] [reason for check: result of addition must fit in a 32-bits machine integer]
proc.adb:1:17: warning: unused initial value of "X"
proc.adb:4:09: high: "Tmp" is not initialized
proc.adb:4:13: high: overflow check might fail, cannot prove upper bound for Tmp + 1 (e.g. when Tmp = Integer'Last) [some loop invariant or post condition is too weak] [reason for check: result of addition must fit in a 32-bits machine integer]
