repr.adb:4:14: warning: subprogram "Insert" has no effect
repr.adb:7:48: high: range check might fail, cannot prove upper bound for U64'Pos (e.g. when LSE_Value = 0 and Val = 9223372036854775807) [the code does not conform to the check, or some loop invariant or post condition is too weak] [possible fix: add precondition (U64'Pos in Short_Integer) to subprogram at line 4]
repr.adb:7:59: info: division check proved (CVC4: 1 VC)
repr.adb:13:04: info: precondition proved (CVC4: 1 VC)
