p.adb:13:35: info: overflow check proved (CVC4: 1 VC)
p.adb:13:42: high: overflow check might fail (e.g. when N = Integer'Last) [the code does not conform to the check, or some loop invariant or post condition is too weak] [reason for check: value must fit in a 32-bits machine integer] [possible fix: add precondition (N in Integer) to subprogram at line 8]
p.adb:21:31: info: range check proved (CVC4: 1 VC)
p.adb:21:38: high: range check might fail (e.g. when C = Green) [the code does not conform to the check, or some loop invariant or post condition is too weak] [reason for check: value cannot be maximum value of the type]
p.adb:29:18: info: range check proved (CVC4: 2 VC)
p.adb:29:29: info: overflow check proved (CVC4: 1 VC)
p.adb:29:36: info: overflow check proved (CVC4: 1 VC)
p.adb:37:19: info: range check proved (CVC4: 2 VC)
p.adb:37:31: info: overflow check proved (CVC4: 1 VC)
p.adb:37:38: info: overflow check proved (CVC4: 1 VC)
p.adb:45:31: info: overflow check proved (CVC4: 1 VC)
p.adb:45:38: medium: overflow check might fail [reason for check: value must fit in a 32-bits machine integer]
