copy_values.adb:6:22: high: assertion might fail (e.g. when X = 5) [the code does not conform to the check, or some loop invariant or post condition is too weak] [possible fix: subprogram at copy_values.ads:6 should mention X in a precondition]
copy_values.ads:6:14: warning: subprogram "Adjust" has no effect
