bar.adb:4:38: info: unrolling loop
bar.ads:4:55: high: predicate check might fail [the code does not conform to the check, or some loop invariant or post condition is too weak] [possible fix: subprogram at line 4 should mention X in a precondition]
bar.ads:5:14: warning: subprogram "P" has no effect
