bar.adb:4:18: info: unrolling loop
bar.adb:5:25: high: assertion might fail [the code does not conform to the check, or some loop invariant or post condition is too weak]
bar.ads:4:55: high: predicate check might fail [the code does not conform to the check, or some loop invariant or post condition is too weak] [possible fix: subprogram at line 4 should mention X in a precondition]
bar.ads:5:14: warning: subprogram "P" has no effect
foo.ads:30:07: info: range check proved (CVC4: 2 VC)
foo.ads:33:38: info: range check proved (CVC4: 2 VC)
foo.ads:36:23: info: index check proved (CVC4: 2 VC)
foo.ads:38:62: medium: predicate check might fail
foo.ads:44:58: medium: array index check might fail [reason for check: value must be a valid index into the array]
