record_subty.adb:17:19: high: assertion might fail (e.g. when X = (C => (A => 1, B => 1)) and Y = (C => (A => 1, B => 1))) [some loop invariant or post condition is too weak]
