loopvar.adb:5:28: info: loop variant proved (CVC4: 1 VC)
loopvar.adb:6:14: info: overflow check proved (CVC4: 2 VC)
loopvar.adb:7:22: high: assertion might fail (e.g. when X = 0) [the code does not conform to the check, or some loop invariant or post condition is too weak]
