access_to_record.adb:6:04: info: absence of memory leak at end of scope proved (CVC4: 1 VC)
access_to_record.adb:7:04: info: absence of memory leak at end of scope proved (CVC4: 1 VC)
access_to_record.adb:7:13: high: discriminant check might fail [the code does not conform to the check, or some loop invariant or post condition is too weak]
